asdfasdfasdf asdf
asdfasdfasdf asdf
asdfasdfasdf asdf
asdfasdfasdf asdf
asdfasdfasdf asdf
asdfasdfasdf asdf
asdfasdfasdf asdf
asdfasdfasdf asdf
asdfasdfasdf asdf
asdfasdfasdf asdf
asdfasdfasdf asdf
asdfasdfasdf asdf
asdfasdfasdf asdf
asdfasdfasdf asdf
asdfasdfasdf asdf
asdfasdfasdf asdf
asdfasdfasdf asdf
asdfasdfasdf asdf
asdfasdfasdf asdf
asdfasdfasdf asdf
asdfasdfasdf asdf
asdfasdfasdf asdf
asdfasdfasdf asdf
asdfasdfasdf asdf
asdfasdfasdf asdf
asdfasdfasdf asdf
asdfasdfasdf asdf
asdfasdfasdf asdf
asdfasdfasdf asdf
asdfasdfasdf asdf
asdfasdfasdf asdf
asdfasdfasdf asdf
asdfasdfasdf asdf
asdfasdfasdf asdf
asdfasdfasdf asdf
asdfasdfasdf asdf
asdfasdfasdf asdf
asdfasdfasdf asdf
asdfasdfasdf asdf
asdfasdfasdf asdf
asdfasdfasdf asdf
asdfasdfasdf asdf
asdfasdfasdf asdf
asdfasdfasdf asdf
